2026-03-02T20:58:24.271+05:30  INFO 300 --- [main] c.s.api.SmsBackendApplicationTests       : Starting SmsBackendApplicationTests using Java 21.0.9 with PID 300 (started by nikun in C:\smart-school-pro\sms-backend\sms-backend)
2026-03-02T20:58:24.279+05:30  INFO 300 --- [main] c.s.api.SmsBackendApplicationTests       : No active profile set, falling back to 1 default profile: "default"
2026-03-02T20:58:27.698+05:30  INFO 300 --- [main] .s.d.r.c.RepositoryConfigurationDelegate : Bootstrapping Spring Data JPA repositories in DEFAULT mode.
2026-03-02T20:58:28.093+05:30  INFO 300 --- [main] .s.d.r.c.RepositoryConfigurationDelegate : Finished Spring Data repository scanning in 373 ms. Found 14 JPA repository interfaces.
2026-03-02T20:58:31.021+05:30  INFO 300 --- [main] o.hibernate.jpa.internal.util.LogHelper  : HHH000204: Processing PersistenceUnitInfo [name: default]
2026-03-02T20:58:31.255+05:30  INFO 300 --- [main] org.hibernate.Version                    : HHH000412: Hibernate ORM core version 6.4.4.Final
2026-03-02T20:58:31.383+05:30  INFO 300 --- [main] o.h.c.internal.RegionFactoryInitiator    : HHH000026: Second-level cache disabled
2026-03-02T20:58:31.856+05:30  INFO 300 --- [main] o.s.o.j.p.SpringPersistenceUnitInfo      : No LoadTimeWeaver setup: ignoring JPA class transformer
2026-03-02T20:58:31.948+05:30  INFO 300 --- [main] com.zaxxer.hikari.HikariDataSource       : SmartSchoolHikariPool - Starting...
2026-03-02T20:58:32.609+05:30  INFO 300 --- [main] com.zaxxer.hikari.pool.HikariPool        : SmartSchoolHikariPool - Added connection com.mysql.cj.jdbc.ConnectionImpl@28a3fc34
2026-03-02T20:58:32.616+05:30  INFO 300 --- [main] com.zaxxer.hikari.HikariDataSource       : SmartSchoolHikariPool - Start completed.
2026-03-02T20:58:32.800+05:30  WARN 300 --- [main] org.hibernate.orm.deprecation            : HHH90000025: MySQL8Dialect does not need to be specified explicitly using 'hibernate.dialect' (remove the property setting and it will be selected by default)
2026-03-02T20:58:32.806+05:30  WARN 300 --- [main] org.hibernate.orm.deprecation            : HHH90000026: MySQL8Dialect has been deprecated; use org.hibernate.dialect.MySQLDialect instead
2026-03-02T20:58:37.675+05:30  INFO 300 --- [main] o.h.e.t.j.p.i.JtaPlatformInitiator       : HHH000489: No JTA platform available (set 'hibernate.transaction.jta.platform' to enable JTA platform integration)
2026-03-02T20:58:38.426+05:30  INFO 300 --- [main] j.LocalContainerEntityManagerFactoryBean : Initialized JPA EntityManagerFactory for persistence unit 'default'
2026-03-02T20:58:40.494+05:30  INFO 300 --- [main] o.s.d.j.r.query.QueryEnhancerFactory     : Hibernate is in classpath; If applicable, HQL parser will be used.
2026-03-02T20:58:45.546+05:30  WARN 300 --- [main] JpaBaseConfiguration$JpaWebConfiguration : spring.jpa.open-in-view is enabled by default. Therefore, database queries may be performed during view rendering. Explicitly configure spring.jpa.open-in-view to disable this warning
2026-03-02T20:58:45.686+05:30  WARN 300 --- [main] .s.s.UserDetailsServiceAutoConfiguration : 

Using generated security password: f5b9f57a-51d6-4cd6-9bfe-bbc96c2c3c2d

This generated password is for development use only. Your security configuration must be updated before running your application in production.

2026-03-02T20:58:47.734+05:30  INFO 300 --- [main] o.s.s.web.DefaultSecurityFilterChain     : Will secure any request with [org.springframework.security.web.session.DisableEncodeUrlFilter@3bf47d1e, org.springframework.security.web.context.request.async.WebAsyncManagerIntegrationFilter@2956985b, org.springframework.security.web.context.SecurityContextHolderFilter@61252eef, org.springframework.security.web.header.HeaderWriterFilter@6bb7e609, org.springframework.web.filter.CorsFilter@2ef4e7f3, org.springframework.security.web.authentication.logout.LogoutFilter@4e5563ef, org.springframework.security.web.savedrequest.RequestCacheAwareFilter@6880c06b, org.springframework.security.web.servletapi.SecurityContextHolderAwareRequestFilter@7892045f, org.springframework.security.web.authentication.AnonymousAuthenticationFilter@168b28ef, org.springframework.security.web.session.SessionManagementFilter@5ce3ae71, org.springframework.security.web.access.ExceptionTranslationFilter@22908698, org.springframework.security.web.access.intercept.AuthorizationFilter@2a670af9]
2026-03-02T20:58:49.484+05:30  INFO 300 --- [main] c.s.api.SmsBackendApplicationTests       : Started SmsBackendApplicationTests in 27.007 seconds (process running for 38.701)
2026-03-02T20:58:50.538+05:30  INFO 300 --- [SpringApplicationShutdownHook] j.LocalContainerEntityManagerFactoryBean : Closing JPA EntityManagerFactory for persistence unit 'default'
2026-03-02T20:58:50.618+05:30  INFO 300 --- [SpringApplicationShutdownHook] com.zaxxer.hikari.HikariDataSource       : SmartSchoolHikariPool - Shutdown initiated...
2026-03-02T20:58:50.671+05:30  INFO 300 --- [SpringApplicationShutdownHook] com.zaxxer.hikari.HikariDataSource       : SmartSchoolHikariPool - Shutdown completed.
2026-03-02T21:02:46.795+05:30  INFO 11204 --- [main] c.s.api.SmsBackendApplicationTests       : Starting SmsBackendApplicationTests using Java 21.0.9 with PID 11204 (started by nikun in C:\smart-school-pro\sms-backend\sms-backend)
2026-03-02T21:02:46.807+05:30  INFO 11204 --- [main] c.s.api.SmsBackendApplicationTests       : No active profile set, falling back to 1 default profile: "default"
2026-03-02T21:02:48.630+05:30  INFO 11204 --- [main] .s.d.r.c.RepositoryConfigurationDelegate : Bootstrapping Spring Data JPA repositories in DEFAULT mode.
2026-03-02T21:02:49.007+05:30  INFO 11204 --- [main] .s.d.r.c.RepositoryConfigurationDelegate : Finished Spring Data repository scanning in 343 ms. Found 14 JPA repository interfaces.
2026-03-02T21:02:50.435+05:30  INFO 11204 --- [main] o.hibernate.jpa.internal.util.LogHelper  : HHH000204: Processing PersistenceUnitInfo [name: default]
2026-03-02T21:02:50.581+05:30  INFO 11204 --- [main] org.hibernate.Version                    : HHH000412: Hibernate ORM core version 6.4.4.Final
2026-03-02T21:02:50.649+05:30  INFO 11204 --- [main] o.h.c.internal.RegionFactoryInitiator    : HHH000026: Second-level cache disabled
2026-03-02T21:02:50.923+05:30  INFO 11204 --- [main] o.s.o.j.p.SpringPersistenceUnitInfo      : No LoadTimeWeaver setup: ignoring JPA class transformer
2026-03-02T21:02:50.987+05:30  INFO 11204 --- [main] com.zaxxer.hikari.HikariDataSource       : SmartSchoolHikariPool - Starting...
2026-03-02T21:02:51.361+05:30  INFO 11204 --- [main] com.zaxxer.hikari.pool.HikariPool        : SmartSchoolHikariPool - Added connection com.mysql.cj.jdbc.ConnectionImpl@6f2864c3
2026-03-02T21:02:51.366+05:30  INFO 11204 --- [main] com.zaxxer.hikari.HikariDataSource       : SmartSchoolHikariPool - Start completed.
2026-03-02T21:02:51.469+05:30  WARN 11204 --- [main] org.hibernate.orm.deprecation            : HHH90000025: MySQL8Dialect does not need to be specified explicitly using 'hibernate.dialect' (remove the property setting and it will be selected by default)
2026-03-02T21:02:51.472+05:30  WARN 11204 --- [main] org.hibernate.orm.deprecation            : HHH90000026: MySQL8Dialect has been deprecated; use org.hibernate.dialect.MySQLDialect instead
2026-03-02T21:02:53.452+05:30  INFO 11204 --- [main] o.h.e.t.j.p.i.JtaPlatformInitiator       : HHH000489: No JTA platform available (set 'hibernate.transaction.jta.platform' to enable JTA platform integration)
2026-03-02T21:02:53.988+05:30  INFO 11204 --- [main] j.LocalContainerEntityManagerFactoryBean : Initialized JPA EntityManagerFactory for persistence unit 'default'
2026-03-02T21:02:55.021+05:30  INFO 11204 --- [main] o.s.d.j.r.query.QueryEnhancerFactory     : Hibernate is in classpath; If applicable, HQL parser will be used.
2026-03-02T21:02:56.955+05:30  WARN 11204 --- [main] JpaBaseConfiguration$JpaWebConfiguration : spring.jpa.open-in-view is enabled by default. Therefore, database queries may be performed during view rendering. Explicitly configure spring.jpa.open-in-view to disable this warning
2026-03-02T21:02:56.990+05:30  WARN 11204 --- [main] .s.s.UserDetailsServiceAutoConfiguration : 

Using generated security password: 46f64183-283d-4608-bdbb-6491ed62dd68

This generated password is for development use only. Your security configuration must be updated before running your application in production.

2026-03-02T21:03:01.406+05:30  INFO 11204 --- [main] o.s.s.web.DefaultSecurityFilterChain     : Will secure any request with [org.springframework.security.web.session.DisableEncodeUrlFilter@7a9794bd, org.springframework.security.web.context.request.async.WebAsyncManagerIntegrationFilter@297727ab, org.springframework.security.web.context.SecurityContextHolderFilter@83d91c1, org.springframework.security.web.header.HeaderWriterFilter@203737fb, org.springframework.web.filter.CorsFilter@47585784, org.springframework.security.web.authentication.logout.LogoutFilter@7f52aba0, org.springframework.security.web.savedrequest.RequestCacheAwareFilter@4e7e42c4, org.springframework.security.web.servletapi.SecurityContextHolderAwareRequestFilter@99c24c, org.springframework.security.web.authentication.AnonymousAuthenticationFilter@4e5563ef, org.springframework.security.web.session.SessionManagementFilter@6bb7e609, org.springframework.security.web.access.ExceptionTranslationFilter@308617d3, org.springframework.security.web.access.intercept.AuthorizationFilter@390d47db]
2026-03-02T21:03:02.411+05:30  INFO 11204 --- [main] c.s.api.SmsBackendApplicationTests       : Started SmsBackendApplicationTests in 16.124 seconds (process running for 20.983)
2026-03-02T21:03:02.795+05:30  INFO 11204 --- [SpringApplicationShutdownHook] j.LocalContainerEntityManagerFactoryBean : Closing JPA EntityManagerFactory for persistence unit 'default'
2026-03-02T21:03:02.800+05:30  INFO 11204 --- [SpringApplicationShutdownHook] com.zaxxer.hikari.HikariDataSource       : SmartSchoolHikariPool - Shutdown initiated...
2026-03-02T21:03:02.819+05:30  INFO 11204 --- [SpringApplicationShutdownHook] com.zaxxer.hikari.HikariDataSource       : SmartSchoolHikariPool - Shutdown completed.
